// Jest Snapshot v1, https://goo.gl/fbAQLP

exports[`KeywordImportGroup keyword "Modules" should correctly process a list of imports 1`] = `
Array [
  false,
  false,
  false,
  false,
  true,
  true,
]
`;

exports[`KeywordImportGroup keyword "Modules" should generate the correct typescript (asc) 1`] = `
"import { AnotherModuleFoo } from 'anotherLib';
import { ModuleFoobar } from 'myLib';
"
`;

exports[`KeywordImportGroup keyword "Modules" should generate the correct typescript (desc) 1`] = `
"import { ModuleFoobar } from 'myLib';
import { AnotherModuleFoo } from 'anotherLib';
"
`;

exports[`KeywordImportGroup keyword "Plains" should correctly process a list of imports 1`] = `
Array [
  true,
  true,
  false,
  false,
  false,
  false,
]
`;

exports[`KeywordImportGroup keyword "Plains" should generate the correct typescript (asc) 1`] = `
"import './workspaceSideEffectLib';
import 'sideEffectLib';
"
`;

exports[`KeywordImportGroup keyword "Plains" should generate the correct typescript (desc) 1`] = `
"import 'sideEffectLib';
import './workspaceSideEffectLib';
"
`;

exports[`KeywordImportGroup keyword "Workspace" should correctly process a list of imports 1`] = `
Array [
  false,
  false,
  true,
  true,
  false,
  false,
]
`;

exports[`KeywordImportGroup keyword "Workspace" should generate the correct typescript (asc) 1`] = `
"import { AnotherFoobar } from './anotherFile';
import { Foobar } from './myFile';
"
`;

exports[`KeywordImportGroup keyword "Workspace" should generate the correct typescript (desc) 1`] = `
"import { Foobar } from './myFile';
import { AnotherFoobar } from './anotherFile';
"
`;
