// Jest Snapshot v1, https://goo.gl/fbAQLP

exports[`CodeOutline (multi root) should return a code structure for a valid js file (workspace 2) 1`] = `
Array [
  Object {
    "ctor": "ImportsStructureTreeItem",
    "label": "Imports",
  },
  Object {
    "ctor": "DeclarationStructureTreeItem",
    "label": "Yay",
  },
  Object {
    "ctor": "DeclarationStructureTreeItem",
    "label": "ArrList<T>",
  },
]
`;

exports[`CodeOutline (multi root) should return a code structure for a valid ts file (workspace 1) 1`] = `
Array [
  Object {
    "ctor": "ImportsStructureTreeItem",
    "label": "Imports",
  },
  Object {
    "ctor": "DeclarationStructureTreeItem",
    "label": "Yay",
  },
  Object {
    "ctor": "DeclarationStructureTreeItem",
    "label": "ArrList<T>",
  },
]
`;
