// Jest Snapshot v1, https://goo.gl/fbAQLP

exports[`ResourceStructureTreeItem should return correct children 1`] = `
Array [
  Object {
    "ctor": "ImportsStructureTreeItem",
    "label": "Imports",
  },
  Object {
    "ctor": "ResourceStructureTreeItem",
    "label": "namespace",
  },
  Object {
    "ctor": "DeclarationStructureTreeItem",
    "label": "var",
  },
]
`;
